================================================================
== Design Size Report
================================================================

* Total Instructions per Compilation Phase
+---------------+-----------------------------+--------------+----------------------------------------------------------------------------------------+
| Phase         | Step                        | Instructions | Description                                                                            |
+---------------+-----------------------------+--------------+----------------------------------------------------------------------------------------+
| Compile/Link  |                             |     244      | After all functions are compiled and linked into a single design                       |
|               |                             |              |                                                                                        |
| Unroll/Inline |                             |              | After user unroll and inline pragmas are applied                                       |
|               | (1) unroll                  |  13,447      | user unroll pragmas are applied                                                        |
|               | (2) simplification          |   8,434      | simplification of applied user unroll pragmas                                          |
|               | (3) inline                  |   4,901      | user inline pragmas are applied                                                        |
|               | (4) simplification          |   4,850      | simplification of applied user inline pragmas                                          |
|               |                             |              |                                                                                        |
| Array/Struct  |                             |              | After user array partition and struct aggregate/disaggregate pragmas are applied       |
|               | (1) array partition         | 279,747 *    | user array partition pragmas are applied                                               |
|               | (2) simplification          |  10,111      | simplification of applied user array partition & struct aggregate/disaggregate pragmas |
|               | (3) aggregate/disaggregate  |  10,111      | user struct aggregate/disaggregate pragmas are applied                                 |
|               | (4) array reshape           |   9,950      | apply array reshape pragmas                                                            |
|               | (5) access patterns         |   9,956      | array access pattern optmizations                                                      |
|               |                             |              |                                                                                        |
| Performance   |                             |              | After transformations are applied to meet performance pragma targets                   |
|               | (1) loop simplification     |   9,956      | loop and instruction simplification                                                    |
|               | (2) parallelization         |   9,956      | loops are unrolled or pipelined to meet performance targets                            |
|               | (3) array partition         |   9,956      | arrays are partitioned to meet performance targets                                     |
|               | (4) simplification          |   9,956      | simplification of design after performance transformations                             |
|               |                             |              |                                                                                        |
| HW Transforms |                             |              | After hardware transfomations                                                          |
|               | (1) lowering                |   9,982      | initial conversion to HW specific instructions                                         |
|               | (2) optimizations           |  10,009      | high level synthesis optimizations                                                     |
+---------------+-----------------------------+--------------+----------------------------------------------------------------------------------------+
    * - Exceeded design size warning message threshold

* Instructions per Function for each Compilation Phase
+----------------------+---------------------------------+--------------+---------------+--------------+-------------+---------------+
| Function             | Location                        | Compile/Link | Unroll/Inline | Array/Struct | Performance | HW Transforms |
+----------------------+---------------------------------+--------------+---------------+--------------+-------------+---------------+
| + top                | convolution_transpose_2.cpp:115 | 244          | 4,850         | 9,956        | 9,956       | 10,009        |
|    load_weights_tile | convolution_transpose_2.cpp:78  |  57          |               |              |             |               |
|    load_bias_tile    | convolution_transpose_2.cpp:103 |  16          |   10          |   11         |   11        |    18         |
+----------------------+---------------------------------+--------------+---------------+--------------+-------------+---------------+

* Design Size Message Settings
+---------------------------------------------+--------+------------------------------------------------------------------+
| Message Setting                             | Value  | Description                                                      |
+---------------------------------------------+--------+------------------------------------------------------------------+
| config_compile -design_size_maximum_warning | 100000 | Show a warning when total design instructions exceeds this value |
+---------------------------------------------+--------+------------------------------------------------------------------+


