================================================================
== Design Size Report
================================================================

* Total Instructions per Compilation Phase
+---------------+-----------------------------+--------------+----------------------------------------------------------------------------------------+
| Phase         | Step                        | Instructions | Description                                                                            |
+---------------+-----------------------------+--------------+----------------------------------------------------------------------------------------+
| Compile/Link  |                             | 340          | After all functions are compiled and linked into a single design                       |
|               |                             |              |                                                                                        |
| Unroll/Inline |                             |              | After user unroll and inline pragmas are applied                                       |
|               | (1) unroll                  | 244          | user unroll pragmas are applied                                                        |
|               | (2) simplification          | 219          | simplification of applied user unroll pragmas                                          |
|               | (3) inline                  | 204          | user inline pragmas are applied                                                        |
|               | (4) simplification          | 196          | simplification of applied user inline pragmas                                          |
|               |                             |              |                                                                                        |
| Array/Struct  |                             |              | After user array partition and struct aggregate/disaggregate pragmas are applied       |
|               | (1) array partition         | 187          | user array partition pragmas are applied                                               |
|               | (2) simplification          | 187          | simplification of applied user array partition & struct aggregate/disaggregate pragmas |
|               | (3) aggregate/disaggregate  | 187          | user struct aggregate/disaggregate pragmas are applied                                 |
|               | (4) array reshape           | 187          | apply array reshape pragmas                                                            |
|               | (5) access patterns         | 192          | array access pattern optmizations                                                      |
|               |                             |              |                                                                                        |
| Performance   |                             |              | After transformations are applied to meet performance pragma targets                   |
|               | (1) loop simplification     | 189          | loop and instruction simplification                                                    |
|               | (2) parallelization         | 189          | loops are unrolled or pipelined to meet performance targets                            |
|               | (3) array partition         | 189          | arrays are partitioned to meet performance targets                                     |
|               | (4) simplification          | 189          | simplification of design after performance transformations                             |
|               |                             |              |                                                                                        |
| HW Transforms |                             |              | After hardware transfomations                                                          |
|               | (1) lowering                | 211          | initial conversion to HW specific instructions                                         |
|               | (2) optimizations           | 269          | high level synthesis optimizations                                                     |
+---------------+-----------------------------+--------------+----------------------------------------------------------------------------------------+

* Instructions per Function for each Compilation Phase
+------------------------------------+-------------------------------+--------------+---------------+--------------+-------------+---------------+
| Function                           | Location                      | Compile/Link | Unroll/Inline | Array/Struct | Performance | HW Transforms |
+------------------------------------+-------------------------------+--------------+---------------+--------------+-------------+---------------+
| + top                              | convolution_transpose.cpp:160 | 340          | 196           | 192          | 189         | 269           |
|    load_weights_tile               | convolution_transpose.cpp:99  |  57          |               |              |             |               |
|    load_bias_tile                  | convolution_transpose.cpp:124 |  16          |  10           |  11          |  11         |  18           |
|    load_input_tile                 | convolution_transpose.cpp:59  |  92          |               |              |             |               |
|    kernel_convolution_layer_til... | convolution_transpose.cpp:29  |  79          |               |              |             |               |
|    store_output_tile               | convolution_transpose.cpp:135 |  40          |               |              |             |               |
+------------------------------------+-------------------------------+--------------+---------------+--------------+-------------+---------------+

* Design Size Message Settings
+---------------------------------------------+--------+------------------------------------------------------------------+
| Message Setting                             | Value  | Description                                                      |
+---------------------------------------------+--------+------------------------------------------------------------------+
| config_compile -design_size_maximum_warning | 100000 | Show a warning when total design instructions exceeds this value |
+---------------------------------------------+--------+------------------------------------------------------------------+


